--- Verification: Statistical Modeling Refinement ---

1. Verificando teto de 0.4 em calculateSlope...
Slope para ganho de 10pp/dia: 0.0400
Resultado: PASS (Deve ser <= 0.4)

2. Verificando calculateTrend com hist├│rico completo (>10 pontos)...
Trend para 15 pontos: 10.00
Resultado: PASS (Esperado ~10)

3. Verificando corre├º├úo temporal (intervalos irregulares)...
Trend para intervalos irregulares: 10.00
Resultado: PASS (Esperado ~10)

--- Verification Finished ---
